---
source: crates/oxc_linter/src/tester.rs
expression: no_string_refs
---
  ⚠ eslint-plugin-react(no-string-refs):
   ╭─[no_string_refs.tsx:3:1]
 3 │                       componentDidMount: function() {
 4 │                         var component = this.refs.hello;
   ·                                         ─────────
 5 │                       },
   ╰────
  help: Using this.refs is deprecated.

  ⚠ eslint-plugin-react(no-string-refs):
   ╭─[no_string_refs.tsx:3:1]
 3 │                       render: function() {
 4 │                         return <div ref="hello">Hello {this.props.name}</div>;
   ·                                         ───────
 5 │                       }
   ╰────
  help: Using string literals in ref attributes is deprecated. Use a callback instead.

  ⚠ eslint-plugin-react(no-string-refs):
   ╭─[no_string_refs.tsx:3:1]
 3 │                       render: function() {
 4 │                         return <div ref={'hello'}>Hello {this.props.name}</div>;
   ·                                          ───────
 5 │                       }
   ╰────
  help: Using string literals in ref attributes is deprecated. Use a callback instead.

  ⚠ eslint-plugin-react(no-string-refs):
   ╭─[no_string_refs.tsx:3:1]
 3 │                       componentDidMount: function() {
 4 │                         var component = this.refs.hello;
   ·                                         ─────────
 5 │                       },
   ╰────
  help: Using this.refs is deprecated.

  ⚠ eslint-plugin-react(no-string-refs):
   ╭─[no_string_refs.tsx:6:1]
 6 │                       render: function() {
 7 │                         return <div ref="hello">Hello {this.props.name}</div>;
   ·                                         ───────
 8 │                       }
   ╰────
  help: Using string literals in ref attributes is deprecated. Use a callback instead.

  ⚠ eslint-plugin-react(no-string-refs):
   ╭─[no_string_refs.tsx:3:1]
 3 │                       componentDidMount: function() {
 4 │                         var component = this.refs.hello;
   ·                                         ─────────
 5 │                       },
   ╰────
  help: Using this.refs is deprecated.

  ⚠ eslint-plugin-react(no-string-refs):
   ╭─[no_string_refs.tsx:6:1]
 6 │                       render: function() {
 7 │                         return <div ref={`hello`}>Hello {this.props.name}</div>;
   ·                                          ───────
 8 │                       }
   ╰────
  help: Using string literals in ref attributes is deprecated. Use a callback instead.

  ⚠ eslint-plugin-react(no-string-refs):
   ╭─[no_string_refs.tsx:3:1]
 3 │                       componentDidMount: function() {
 4 │                         var component = this.refs.hello;
   ·                                         ─────────
 5 │                       },
   ╰────
  help: Using this.refs is deprecated.

  ⚠ eslint-plugin-react(no-string-refs):
   ╭─[no_string_refs.tsx:6:1]
 6 │                       render: function() {
 7 │                         return <div ref={`hello${index}`}>Hello {this.props.name}</div>;
   ·                                          ───────────────
 8 │                       }
   ╰────
  help: Using string literals in ref attributes is deprecated. Use a callback instead.


